
 /----------------------------------------------------------------------------\
 |  yosys -- Yosys Open SYnthesis Suite                                       |
 |  Copyright (C) 2012 - 2026  Claire Xenia Wolf <claire@yosyshq.com>         |
 |  Distributed under an ISC-like license, type "license" to see terms        |
 \----------------------------------------------------------------------------/
 Yosys 0.69+185 (git sha1 fb1a2fdae-dirty, Release, Clang /usr/bin/clang++ 21.1.8)

-- Executing script file `/home/anjimedidi/projects/vlsi_design/Verilog-RTL/flows/synthesis/build/logic_gates/synthesis.ys' --

1. Executing Verilog-2005 frontend: /home/anjimedidi/projects/vlsi_design/Verilog-RTL/designs/1_basic_logic_gates/logic_gates.v
Parsing SystemVerilog input from `/home/anjimedidi/projects/vlsi_design/Verilog-RTL/designs/1_basic_logic_gates/logic_gates.v' to AST representation.
Generating RTLIL representation for module `\logic_gates'.
Successfully finished Verilog frontend.

2. Executing HIERARCHY pass (managing design hierarchy).

2.1. Analyzing design hierarchy..
Top module:  \logic_gates

2.2. Analyzing design hierarchy..
Top module:  \logic_gates
Removed 0 unused modules.

3. Executing PROC pass (convert processes to netlists).

3.1. Executing PROC_CLEAN pass (remove empty switches from decision trees).
Cleaned up 0 empty switches.

3.2. Executing PROC_RMDEAD pass (remove dead branches from decision trees).
Removed a total of 0 dead cases.

3.3. Executing PROC_PRUNE pass (remove redundant assignments in processes).
Removed 0 redundant assignments.
Promoted 0 assignments to connections.

3.4. Executing PROC_INIT pass (extract init attributes).

3.5. Executing PROC_ARST pass (detect async resets in processes).

3.6. Executing PROC_ROM pass (convert switches to ROMs).
Converted 0 switches.

3.7. Executing PROC_MUX pass (convert decision trees to multiplexers).

3.8. Executing PROC_DLATCH pass (convert process syncs to latches).

3.9. Executing PROC_DFF pass (convert process syncs to FFs).

3.10. Executing PROC_MEMWR pass (convert process memory writes to cells).

3.11. Executing PROC_CLEAN pass (remove empty switches from decision trees).
Cleaned up 0 empty switches.

3.12. Executing OPT_EXPR pass (perform const folding).
Optimizing module logic_gates.

4. Executing CHECK pass (checking for obvious problems).
Checking module logic_gates...
Found and reported 0 problems.

5. Executing CHECK pass (checking for obvious problems).
Checking module logic_gates...
Found and reported 0 problems.

6. Executing FLATTEN pass (flatten design).

7. Executing SCC pass (detecting logic loops).
Found 0 SCCs in module logic_gates.
Found 0 SCCs.

8. Executing SCC pass (detecting logic loops).
Found 0 SCCs in module logic_gates.
Found and expected 0 SCCs.

9. Executing OPT pass (performing simple optimizations).

9.1. Executing OPT_EXPR pass (perform const folding).
Optimizing module logic_gates.

9.2. Executing OPT_MERGE pass (detect identical cells).
Finding identical cells in module `\logic_gates'.
Computing hashes of 10 cells of `\logic_gates'.
Finding duplicate cells in `\logic_gates'.
Computing hashes of 7 cells of `\logic_gates'.
Finding duplicate cells in `\logic_gates'.
<suppressed ~9 debug messages>
Removed a total of 3 cells.

9.3. Executing OPT_MUXTREE pass (detect dead branches in mux trees).
Running muxtree optimizer on module \logic_gates..
  Creating internal representation of mux trees.
  No muxes found in this module.
Removed 0 multiplexer ports.

9.4. Executing OPT_REDUCE pass (consolidate $*mux and $reduce_* inputs).
  Optimizing cells in module \logic_gates.
Performed a total of 0 changes.

9.5. Executing OPT_MERGE pass (detect identical cells).
Finding identical cells in module `\logic_gates'.
Computing hashes of 7 cells of `\logic_gates'.
Finding duplicate cells in `\logic_gates'.
Removed a total of 0 cells.

9.6. Executing OPT_DFF pass (perform DFF optimizations).

9.7. Executing OPT_CLEAN pass (remove unused cells and wires).
Finding unused cells or wires in module \logic_gates..
Removed 0 unused cells and 10 unused wires.
<suppressed ~1 debug messages>

9.8. Executing OPT_EXPR pass (perform const folding).
Optimizing module logic_gates.

9.9. Rerunning OPT passes. (Maybe there is more to do..)

9.10. Executing OPT_MUXTREE pass (detect dead branches in mux trees).
Running muxtree optimizer on module \logic_gates..
  Creating internal representation of mux trees.
  No muxes found in this module.
Removed 0 multiplexer ports.

9.11. Executing OPT_REDUCE pass (consolidate $*mux and $reduce_* inputs).
  Optimizing cells in module \logic_gates.
Performed a total of 0 changes.

9.12. Executing OPT_MERGE pass (detect identical cells).
Finding identical cells in module `\logic_gates'.
Computing hashes of 7 cells of `\logic_gates'.
Finding duplicate cells in `\logic_gates'.
Removed a total of 0 cells.

9.13. Executing OPT_DFF pass (perform DFF optimizations).

9.14. Executing OPT_CLEAN pass (remove unused cells and wires).
Finding unused cells or wires in module \logic_gates..

9.15. Executing OPT_EXPR pass (perform const folding).
Optimizing module logic_gates.

9.16. Finished fast OPT passes. (There is nothing left to do.)

10. Generating Graphviz representation of design.
Writing dot description to `"/home/anjimedidi/projects/vlsi_design/Verilog-RTL/flows/synthesis/build/logic_gates/rtl_schematic".dot'.
ERROR: Can't open dot file `"/home/anjimedidi/projects/vlsi_design/Verilog-RTL/flows/synthesis/build/logic_gates/rtl_schematic".dot' for writing.
