OpenROAD unknown 
Features included (+) or not (-): -GPU +GUI -Python
This program is licensed under the BSD-3 license. See the LICENSE file for details.
Components of this program may be licensed under more restrictive licenses which must be honored.
[INFO ORD-0030] Using 12 thread(s).
read_liberty /OpenROAD-flow-scripts/flow/platforms/nangate45/lib/NangateOpenCellLibrary_typical.lib
[INFO ODB-0227] LEF file: /OpenROAD-flow-scripts/flow/platforms/nangate45/lef/NangateOpenCellLibrary.tech.lef, created 22 layers, 27 vias
[INFO ODB-0227] LEF file: /OpenROAD-flow-scripts/flow/platforms/nangate45/lef/NangateOpenCellLibrary.macro.mod.lef, created 135 library cells
link_design logic_gates
read_sdc ./results/nangate45/logic_gates/20261003_164532_42842/1_2_yosys.sdc
[WARNING STA-0345] capacitance scale 1e-12 does not match library scale 1e-15.
source /OpenROAD-flow-scripts/flow/platforms/nangate45/setRC.tcl
eliminate_dead_logic
Removed 0 unused instances and 0 unused nets.
Design area 8 um^2 100% utilization.
write_db ./results/nangate45/logic_gates/20261003_164532_42842/1_synth.odb
write_sdc -no_timestamp ./results/nangate45/logic_gates/20261003_164532_42842/1_synth.sdc
Elapsed time: 0:00.91[h:]min:sec. CPU time: user 0.73 sys 0.17 (98%). Peak memory: 96868KB.
Log                       Ext     Elapsed/s Peak Memory/MB sha1sum result [0:20)
1_synth                   .odb            0             94 1403895ffae9342926ce
1_synth                   .sdc                             b77681d13fe62e1d4963
