
==========================================================================
floorplan final report_tns
--------------------------------------------------------------------------
tns max 0.00

==========================================================================
floorplan final report_wns
--------------------------------------------------------------------------
wns max 0.00

==========================================================================
floorplan final report_worst_slack
--------------------------------------------------------------------------
worst slack max INF

==========================================================================
floorplan final report_clock_min_period
--------------------------------------------------------------------------

==========================================================================
floorplan final report_checks -path_delay min
--------------------------------------------------------------------------
No paths found.

==========================================================================
floorplan final report_checks -path_delay max
--------------------------------------------------------------------------
No paths found.

==========================================================================
floorplan final report_checks -unconstrained
--------------------------------------------------------------------------
Startpoint: b (input port)
Endpoint: y_xnor (output port)
Path Group: unconstrained
Path Type: max

Fanout     Cap    Slew   Delay    Time   Description
-----------------------------------------------------------------------------
                          0.00    0.00 ^ input external delay
     2    5.15    0.00    0.00    0.00 ^ b (in)
                                         b (net)
                  0.00    0.00    0.00 ^ _5_/A (INV_X1)
     1    3.34    0.00    0.01    0.01 v _5_/ZN (INV_X1)
                                         _0_ (net)
                  0.00    0.00    0.01 v _7_/B (HA_X1)
     2    1.55    0.01    0.05    0.06 v _7_/S (HA_X1)
                                         y_xor (net)
                  0.01    0.00    0.06 v _3_/A (INV_X1)
     1    0.00    0.00    0.01    0.07 ^ _3_/ZN (INV_X1)
                                         y_xnor (net)
                  0.00    0.00    0.07 ^ y_xnor (out)
                                  0.07   data arrival time
-----------------------------------------------------------------------------
(Path is unconstrained)



==========================================================================
floorplan final report_power
--------------------------------------------------------------------------
Group                  Internal  Switching    Leakage      Total
                          Power      Power      Power      Power (Watts)
----------------------------------------------------------------
Sequential             0.00e+00   0.00e+00   0.00e+00   0.00e+00   0.0%
Combinational          2.31e-06   8.13e-07   1.90e-07   3.31e-06 100.0%
Clock                  0.00e+00   0.00e+00   0.00e+00   0.00e+00   0.0%
Macro                  0.00e+00   0.00e+00   0.00e+00   0.00e+00   0.0%
Pad                    0.00e+00   0.00e+00   0.00e+00   0.00e+00   0.0%
----------------------------------------------------------------
Total                  2.31e-06   8.13e-07   1.90e-07   3.31e-06 100.0%
                          69.7%      24.6%       5.7%
